---
source: vortex-btrblocks/tests/golden.rs
expression: rendered
---
input: i64, len=16384, nbytes=131072
root: vortex.dict(i64, len=16384) nbytes=5359
  metadata: all_values_referenced: true
  codes: vortex.pco(u8, len=16384) nbytes=5326
    metadata: ptype: u8, nrows: 16384, slice: 0..16384
  values: vortex.pco(i64, len=6) nbytes=33
    metadata: ptype: i64, nrows: 6, slice: 0..6
