---
source: vortex-btrblocks/tests/golden.rs
expression: rendered
---
input: f64, len=16384, nbytes=131072
root: vortex.alprd(f64, len=16384) nbytes=112880
  metadata: right_bit_width: 52, patch_offset: 0
  left_parts: fastlanes.bitpacked(u16, len=16384) nbytes=6144
    metadata: bit_width: 3, offset: 0
  right_parts: fastlanes.bitpacked(u64, len=16384) nbytes=106496
    metadata: bit_width: 52, offset: 0
  patch_indices: vortex.primitive(u16, len=60) nbytes=120
    metadata: ptype: u16
  patch_values: vortex.primitive(u16, len=60) nbytes=120
    metadata: ptype: u16
