---
source: vortex-btrblocks/tests/golden.rs
expression: rendered
---
input: binary, len=16384, nbytes=315856
root: vortex.dict(binary, len=16384) nbytes=4840
  metadata: all_values_referenced: true
  codes: vortex.pco(u8, len=16384) nbytes=4785
    metadata: ptype: u8, nrows: 16384, slice: 0..16384
  values: vortex.zstd(binary, len=5) nbytes=55
    metadata: nrows: 5, slice: 0..5
