---
source: vortex-btrblocks/tests/golden.rs
expression: rendered
---
input: vortex.timestamp[µs, tz=UTC](i64), len=16384, nbytes=131072
root: vortex.ext(vortex.timestamp[µs, tz=UTC](i64), len=16384) nbytes=67584
  metadata: 
  storage: fastlanes.for(i64, len=16384) nbytes=67584
    metadata: reference: 1700000000891673i64
    encoded: fastlanes.bitpacked(i64, len=16384) nbytes=67584
      metadata: bit_width: 33, offset: 0
