    Blocking waiting for file lock on build directory
    Checking vortex-array v0.1.0 ($REPO/vortex-array)
    Checking vortex-runend v0.1.0 ($REPO/encodings/runend)
    Checking vortex-fastlanes v0.1.0 ($REPO/encodings/fastlanes)
    Checking vortex-compressor v0.1.0 ($REPO/vortex-compressor)
    Checking vortex-arrow v0.1.0 ($REPO/vortex-arrow)
    Checking vortex-zstd v0.1.0 ($REPO/encodings/zstd)
    Checking vortex-alp v0.1.0 ($REPO/encodings/alp)
    Checking vortex-sequence v0.1.0 ($REPO/encodings/sequence)
    Checking vortex-decimal-byte-parts v0.1.0 ($REPO/encodings/decimal-byte-parts)
    Checking vortex-onpair v0.1.0 ($REPO/encodings/onpair)
    Checking vortex-sparse v0.1.0 ($REPO/encodings/sparse)
    Checking vortex-fsst v0.1.0 ($REPO/encodings/fsst)
    Checking vortex-pco v0.1.0 ($REPO/encodings/pco)
    Checking vortex-zigzag v0.1.0 ($REPO/encodings/zigzag)
    Checking vortex-datetime-parts v0.1.0 ($REPO/encodings/datetime-parts)
    Checking vortex-io v0.1.0 ($REPO/vortex-io)
    Checking vortex-scan v0.1.0 ($REPO/vortex-scan)
    Checking vortex-btrblocks v0.1.0 ($REPO/vortex-btrblocks)
    Checking vortex-tensor v0.1.0 ($REPO/vortex-tensor)
    Checking vortex-bytebool v0.1.0 ($REPO/encodings/bytebool)
    Checking vortex-layout v0.1.0 ($REPO/vortex-layout)
    Checking vortex-file v0.1.0 ($REPO/vortex-file)
    Finished `dev` profile [unoptimized] target(s) in 34.25s
